// Jest Snapshot v1, https://goo.gl/fbAQLP

exports[`renders ./components/divider/demo/horizontal.md correctly 1`] = `
<div>
  <p>
    Lorem ipsum dolor sit amet, consectetur adipiscing elit. Sed nonne merninisti licere mihi ista probare, quae sunt a te dicta? Refert tamen, quo modo.
  </p>
  <div
    class="ant-divider ant-divider-horizontal"
  />
  <p>
    Lorem ipsum dolor sit amet, consectetur adipiscing elit. Sed nonne merninisti licere mihi ista probare, quae sunt a te dicta? Refert tamen, quo modo.
  </p>
  <div
    class="ant-divider ant-divider-horizontal ant-divider-with-text"
  >
    <span
      class="ant-divider-inner-text"
    >
      With Text
    </span>
  </div>
  <p>
    Lorem ipsum dolor sit amet, consectetur adipiscing elit. Sed nonne merninisti licere mihi ista probare, quae sunt a te dicta? Refert tamen, quo modo.
  </p>
  <div
    class="ant-divider ant-divider-horizontal ant-divider-dashed"
  />
  <p>
    Lorem ipsum dolor sit amet, consectetur adipiscing elit. Sed nonne merninisti licere mihi ista probare, quae sunt a te dicta? Refert tamen, quo modo.
  </p>
</div>
`;

exports[`renders ./components/divider/demo/vertical.md correctly 1`] = `
<div>
  Text
  <div
    class="ant-divider ant-divider-vertical"
  />
  <a
    href="#"
  >
    Link
  </a>
  <div
    class="ant-divider ant-divider-vertical"
  />
  <a
    href="#"
  >
    Link
  </a>
</div>
`;
