// Jest Snapshot v1, https://goo.gl/fbAQLP

exports[`TimePicker renders addon correctly 1`] = `
<div
  class="wmstool-time-picker-panel-addon"
>
  <button>
    Ok
  </button>
</div>
`;
